Microchip MPLAB XC8 Compiler V2.50

Linker command line:

-W-3 \
  --edf=C:\Program Files\Microchip\xc8\v2.50\pic\dat\20240725155939_en.msgs \
  -cn -h+dist/default/production\CAR_BLACK_BOX.X.production.sym \
  --cmf=dist/default/production\CAR_BLACK_BOX.X.production.cmf -z -Q18F4580 \
  -oC:\Users\pawan\AppData\Local\Temp\xcBsens.1\driver_tmp_3.o \
  --defsym=__MPLAB_BUILD=1 --fixupoverflow=error \
  -Mdist/default/production/CAR_BLACK_BOX.X.production.map \
  --md=C:\Users\pawan\AppData\Local\Temp\xcBsens.1\driver_tmp_0.dat -E1 \
  -ver=XC8 Compiler --acfsm=1493 -ACODE=00h-07FFFh -ACONST=00h-07FFFh \
  -ASMALLCONST=0600h-06FFhx122 -AMEDIUMCONST=0600h-07FFFh -ACOMRAM=01h-05Fh \
  -AABS1=00h-05FFh -ABIGRAM=01h-05FFh -ARAM=060h-0FFh,0100h-01FFhx5 \
  -ABANK0=060h-0FFh -ABANK1=0100h-01FFh -ABANK2=0200h-02FFh \
  -ABANK3=0300h-03FFh -ABANK4=0400h-04FFh -ABANK5=0500h-05FFh \
  -ASFR=0D00h-0DFFhx2,0F00h-0F5Fh,0F60h-0FFFh -ABIGSFR=0D00h-0FFFh \
  -ACONFIG=0300000h-030000Dh -AIDLOC=0200000h-0200007h \
  -AEEDATA=0F00000h-0F000FFh -peeprom_data=EEDATA \
  -preset_vec=00h,intcode,sivt_hi,intcodelo,sivt_lo,powerup,init \
  -pramtop=0600h -psmallconst=SMALLCONST -pmediumconst=MEDIUMCONST \
  -pconst=CONST -AFARRAM=00h-00h \
  -prdata=COMRAM,nvrram=COMRAM,nvbit=COMRAM,rbss=COMRAM,rbit=COMRAM \
  -pfarbss=FARRAM,fardata=FARRAM,nvFARRAM=FARRAM \
  -pintsave_regs=BIGRAM,bigbss=BIGRAM,bigdata=BIGRAM -pbss=RAM \
  -pidata=CODE,irdata=CODE,ibigdata=CODE,ifardata=CODE -prparam=COMRAM \
  C:\Users\pawan\AppData\Local\Temp\xcBsens.1\driver_tmp_9.o \
  dist/default/production\CAR_BLACK_BOX.X.production.o 

Object code version is 3.11

Machine type is 18F4580



                Name                               Link     Load   Length Selector   Space Scale
C:\Users\pawan\AppData\Local\Temp\xcBsens.1\driver_tmp_9.o
                idloc                            200000   200000        8        0       5
                config                           300000   300000        E        0       4
                init                                  0        0        4        0       0
dist/default/production\CAR_BLACK_BOX.X.production.o
                idloc                            200000   200000        8        0       5
                config                           300000   300000        E        0       4
                smallconst                          600      600       9A      300       0
                text39                             20CA     20CA       3A      F83       0
                text38                             1E2E     1E2E       6C      34D       0
                text37                             1F64     1F64       5E      F83       0
                text36                             1A8A     1A8A       C2      34D       0
                text35                             1B4C     1B4C       AE      34D       0
                text34                              B10      B10      390      34D       0
                text33                             1984     1984      106      34D       0
                text32                             157A     157A      1B4      34D       0
                text31                             21D6     21D6       18      F83       0
                text30                             2274     2274        6      F83       0
                text29                             221A     221A       12      F83       0
                text28                             226C     226C        8      F83       0
                text27                             2248     2248        C      F83       0
                text26                             2264     2264        8      F83       0
                text25                             225C     225C        8      F83       0
                text24                             2254     2254        8      F83       0
                text23                             223C     223C        C      F83       0
                text22                             2158     2158       2A      F83       0
                text21                             1CA0     1CA0       92      34D       0
                text20                             200A     200A       46      F83       0
                text19                             212E     212E       2A      F83       0
                text18                             2050     2050       40      F83       0
                text17                              EA0      EA0      2D4      34D       0
                text16                             2204     2204       16      F83       0
                text15                             1F06     1F06       5E      F83       0
                text14                             172E     172E      14E      34D       0
                text13                             21A0     21A0       1C      F83       0
                text12                             1BFA     1BFA       A6      34D       0
                text11                             2182     2182       1E      F83       0
                text10                             1FC2     1FC2       48      F83       0
                text9                              21EE     21EE       16      F83       0
                text8                              222C     222C       10      F83       0
                text7                              2104     2104       2A      F83       0
                text6                              21BC     21BC       1A      F83       0
                text5                              1174     1174      224      34D       0
                text4                              187C     187C      108      34D       0
                text3                              1D32     1D32       80      34D       0
                text2                               69A      69A      476      34D       0
                text1                              1398     1398      1E2      34D       0
                text0                              1DB2     1DB2       7C      34D       0
                cstackCOMRAM                          1        1       5D        1       1
                dataBANK0                            60       60       6B       60       1
                bssBANK0                             CB       CB       26       60       1
                bssCOMRAM                            5E       5E        2        1       1
                cinit                              2090     2090       3A      F83       0
                idataBANK0                         1E9A     1E9A       6B      34D       0

TOTAL           Name                               Link     Load   Length     Space
        CLASS   CODE           
                init                                  0        0        4         0
                text39                             20CA     20CA       3A         0
                text38                             1E2E     1E2E       6C         0
                text37                             1F64     1F64       5E         0
                text36                             1A8A     1A8A       C2         0
                text35                             1B4C     1B4C       AE         0
                text34                              B10      B10      390         0
                text33                             1984     1984      106         0
                text32                             157A     157A      1B4         0
                text31                             21D6     21D6       18         0
                text30                             2274     2274        6         0
                text29                             221A     221A       12         0
                text28                             226C     226C        8         0
                text27                             2248     2248        C         0
                text26                             2264     2264        8         0
                text25                             225C     225C        8         0
                text24                             2254     2254        8         0
                text23                             223C     223C        C         0
                text22                             2158     2158       2A         0
                text21                             1CA0     1CA0       92         0
                text20                             200A     200A       46         0
                text19                             212E     212E       2A         0
                text18                             2050     2050       40         0
                text17                              EA0      EA0      2D4         0
                text16                             2204     2204       16         0
                text15                             1F06     1F06       5E         0
                text14                             172E     172E      14E         0
                text13                             21A0     21A0       1C         0
                text12                             1BFA     1BFA       A6         0
                text11                             2182     2182       1E         0
                text10                             1FC2     1FC2       48         0
                text9                              21EE     21EE       16         0
                text8                              222C     222C       10         0
                text7                              2104     2104       2A         0
                text6                              21BC     21BC       1A         0
                text5                              1174     1174      224         0
                text4                              187C     187C      108         0
                text3                              1D32     1D32       80         0
                text2                               69A      69A      476         0
                text1                              1398     1398      1E2         0
                text0                              1DB2     1DB2       7C         0
                cinit                              2090     2090       3A         0
                idataBANK0                         1E9A     1E9A       6B         0

        CLASS   CONST          

        CLASS   SMALLCONST     
                smallconst                          600      600       9A         0

        CLASS   MEDIUMCONST    

        CLASS   COMRAM         
                cstackCOMRAM                          1        1       5D         1
                bssCOMRAM                            5E       5E        2         1

        CLASS   ABS1           

        CLASS   BIGRAM         

        CLASS   RAM            

        CLASS   BANK0          
                dataBANK0                            60       60       6B         1
                bssBANK0                             CB       CB       26         1

        CLASS   BANK1          

        CLASS   BANK2          

        CLASS   BANK3          

        CLASS   BANK4          

        CLASS   BANK5          

        CLASS   SFR            

        CLASS   BIGSFR         

        CLASS   CONFIG         
                config                           300000   300000        E         4

        CLASS   IDLOC          
                idloc                            200000   200000        8         5

        CLASS   EEDATA         

        CLASS   FARRAM         

        CLASS   HEAP           

        CLASS   STACK          



SEGMENTS        Name                           Load    Length   Top    Selector   Space  Class

                reset_vec                      000000  000004  000004         0       0  CODE    
                cstackCOMRAM                   000001  00005F  000060         1       1  COMRAM  
                dataBANK0                      000060  000091  0000F1        60       1  BANK0   
                smallconst                     000600  00009A  00069A       300       0  SMALLCON
                text2                          00069A  00186B  001F05       34D       0  CODE    
                text15                         001F06  000374  00227A       F83       0  CODE    


UNUSED ADDRESS RANGES

        Name                Unused          Largest block    Delta
        BANK0            0000F1-0000FF                F
        BANK1            000100-0001FF              100
        BANK2            000200-0002FF              100
        BANK3            000300-0003FF              100
        BANK4            000400-0004FF              100
        BANK5            000500-0005FF              100
        BIGRAM           0000F1-0005FF              50F
        BIGSFR           000D00-000FFF              300
        CODE             000004-0005FF              5FC
                         001F05-001F05                1
                         00227A-007FFF             5D86
        CONST            000004-0005FF              5FC
                         001F05-001F05                1
                         00227A-007FFF             5D86
        EEDATA           F00000-F000FF              100
        MEDIUMCONST      001F05-001F05                1
                         00227A-007FFF             5D86
        RAM              0000F1-0005FF              100
        SFR              000D00-000FFF              100
        SMALLCONST       001F05-001F05                1
                         00227A-007FFF              100

                                  Symbol Table

?___awdiv                         cstackCOMRAM 000001
?___awmod                         cstackCOMRAM 000001
?___fldiv                         cstackCOMRAM 00000F
?___fltol                         cstackCOMRAM 000028
?___xxtofl                        cstackCOMRAM 000001
?_read_adc                        cstackCOMRAM 000001
_ABDEN                            (abs)        007DC0
_ABDOVF                           (abs)        007DC7
_ACKDT                            (abs)        007E2D
_ACKEN                            (abs)        007E2C
_ACKSTAT                          (abs)        007E2E
_ACQT0                            (abs)        007E03
_ACQT1                            (abs)        007E04
_ACQT2                            (abs)        007E05
_ADCON0                           (abs)        000FC2
_ADCS0                            (abs)        007E00
_ADCS1                            (abs)        007E01
_ADCS2                            (abs)        007E02
_ADFM                             (abs)        007E07
_ADON                             (abs)        007E10
_ADRESH                           (abs)        000FC4
_ADRESL                           (abs)        000FC3
_BCLIF                            (abs)        007D0B
_BRG16                            (abs)        007DC3
_BRGH                             (abs)        007D62
_CFGS                             (abs)        007D36
_CKE                              (abs)        007E3E
_CREN                             (abs)        007D5C
_EEADR                            (abs)        000FA9
_EECON2                           (abs)        000FA7
_EEDATA                           (abs)        000FA8
_EEPGD                            (abs)        007D37
_GIE                              (abs)        007F97
_GO                               (abs)        007E11
_GODONE                           (abs)        007E11
_PEN                              (abs)        007E2A
_PORTD                            (abs)        000F83
_RB1                              (abs)        007C09
_RB2                              (abs)        007C0A
_RB3                              (abs)        007C0B
_RB4                              (abs)        007C0C
_RB5                              (abs)        007C0D
_RB6                              (abs)        007C0E
_RB7                              (abs)        007C0F
_RBPU                             (abs)        007F8F
_RC0                              (abs)        007C10
_RC1                              (abs)        007C11
_RC2                              (abs)        007C12
_RCEN                             (abs)        007E2B
_RCIE                             (abs)        007CED
_RCIF                             (abs)        007CF5
_RCREG                            (abs)        000FAE
_RD                               (abs)        007D30
_RD7                              (abs)        007C1F
_RSEN                             (abs)        007E29
_RX9                              (abs)        007D5E
_SEN                              (abs)        007E28
_SENDB                            (abs)        007D63
_SMP                              (abs)        007E3F
_SPBRG                            (abs)        000FAF
_SPEN                             (abs)        007D5F
_SSPADD                           (abs)        000FC8
_SSPBUF                           (abs)        000FC9
_SSPCON1                          (abs)        000FC6
_SSPIF                            (abs)        007CF3
_SYNC                             (abs)        007D64
_TRISB                            (abs)        000F93
_TRISC                            (abs)        000F94
_TRISC3                           (abs)        007CA3
_TRISC4                           (abs)        007CA4
_TRISC6                           (abs)        007CA6
_TRISC7                           (abs)        007CA7
_TRISD                            (abs)        000F95
_TRISD7                           (abs)        007CAF
_TX9                              (abs)        007D66
_TXEN                             (abs)        007D65
_TXIE                             (abs)        007CEC
_TXIF                             (abs)        007CF4
_TXREG                            (abs)        000FAD
_VCFG0                            (abs)        007E0C
_VCFG1                            (abs)        007E0D
_WR                               (abs)        007D31
_WREN                             (abs)        007D32
_WUE                              (abs)        007DC1
__HRAM                            (abs)        000000
__H__absolute__                   __absolute__ 000000
__Habs1                           abs1         000000
__Hbank0                          bank0        000000
__Hbank1                          bank1        000000
__Hbank2                          bank2        000000
__Hbank3                          bank3        000000
__Hbank4                          bank4        000000
__Hbank5                          bank5        000000
__Hbigbss                         bigbss       000000
__Hbigdata                        bigdata      000000
__Hbigram                         bigram       000000
__Hbigsfr                         bigsfr       000000
__Hbss                            bss          000000
__HbssBANK0                       bssBANK0     000000
__HbssCOMRAM                      bssCOMRAM    000000
__Hcinit                          cinit        000000
__Hclrtext                        clrtext      000000
__Hcomram                         comram       000000
__Hconfig                         config       30000E
__Hconst                          const        000000
__HcstackCOMRAM                   cstackCOMRAM 000000
__Hdata                           data         000000
__HdataBANK0                      dataBANK0    000000
__Heeprom_data                    eeprom_data  000000
__Hfarbss                         farbss       000000
__Hfardata                        fardata      000000
__Hheap                           heap         000000
__Hibigdata                       ibigdata     000000
__Hidata                          idata        000000
__HidataBANK0                     idataBANK0   000000
__Hidloc                          idloc        200008
__Hifardata                       ifardata     000000
__Hinit                           init         000004
__Hintcode                        intcode      000000
__Hintcode_body                   intcode_body 000000
__Hintcodelo                      intcodelo    000000
__Hintentry                       intentry     000000
__Hintret                         intret       000000
__Hintsave_regs                   intsave_regs 000000
__Hirdata                         irdata       000000
__Hmediumconst                    mediumconst  000000
__HnvFARRAM                       nvFARRAM     000000
__Hnvbit                          nvbit        000000
__Hnvrram                         nvrram       000000
__Hparam                          rparam       000000
__Hpowerup                        powerup      000000
__Hram                            ram          000000
__Hramtop                         ramtop       000600
__Hrbit                           rbit         000000
__Hrbss                           rbss         000000
__Hrdata                          rdata        000000
__Hreset_vec                      reset_vec    000000
__Hrparam                         rparam       000000
__Hsfr                            sfr          000000
__Hsivt_hi                        sivt_hi      000000
__Hsivt_lo                        sivt_lo      000000
__Hsmallconst                     smallconst   00069A
__Hspace_0                        (abs)        00227A
__Hspace_1                        (abs)        0000F1
__Hspace_2                        (abs)        000000
__Hspace_4                        (abs)        60000E
__Hstack                          stack        000000
__Hstruct                         struct       000000
__Htemp                           temp         000000
__Htext                           text         000000
__Htext0                          text0        000000
__Htext1                          text1        000000
__Htext10                         text10       000000
__Htext11                         text11       000000
__Htext12                         text12       000000
__Htext13                         text13       000000
__Htext14                         text14       000000
__Htext15                         text15       000000
__Htext16                         text16       000000
__Htext17                         text17       000000
__Htext18                         text18       000000
__Htext19                         text19       000000
__Htext2                          text2        000000
__Htext20                         text20       000000
__Htext21                         text21       000000
__Htext22                         text22       000000
__Htext23                         text23       000000
__Htext24                         text24       000000
__Htext25                         text25       000000
__Htext26                         text26       000000
__Htext27                         text27       000000
__Htext28                         text28       000000
__Htext29                         text29       000000
__Htext3                          text3        000000
__Htext30                         text30       000000
__Htext31                         text31       000000
__Htext32                         text32       000000
__Htext33                         text33       000000
__Htext34                         text34       000000
__Htext35                         text35       000000
__Htext36                         text36       000000
__Htext37                         text37       000000
__Htext38                         text38       000000
__Htext39                         text39       000000
__Htext4                          text4        000000
__Htext5                          text5        000000
__Htext6                          text6        000000
__Htext7                          text7        000000
__Htext8                          text8        000000
__Htext9                          text9        000000
__LRAM                            (abs)        000001
__L__absolute__                   __absolute__ 000000
__Labs1                           abs1         000000
__Lbank0                          bank0        000000
__Lbank1                          bank1        000000
__Lbank2                          bank2        000000
__Lbank3                          bank3        000000
__Lbank4                          bank4        000000
__Lbank5                          bank5        000000
__Lbigbss                         bigbss       000000
__Lbigdata                        bigdata      000000
__Lbigram                         bigram       000000
__Lbigsfr                         bigsfr       000000
__Lbss                            bss          000000
__LbssBANK0                       bssBANK0     000000
__LbssCOMRAM                      bssCOMRAM    000000
__Lcinit                          cinit        000000
__Lclrtext                        clrtext      000000
__Lcomram                         comram       000000
__Lconfig                         config       000000
__Lconst                          const        000000
__LcstackCOMRAM                   cstackCOMRAM 000000
__Ldata                           data         000000
__LdataBANK0                      dataBANK0    000000
__Leeprom_data                    eeprom_data  000000
__Lfarbss                         farbss       000000
__Lfardata                        fardata      000000
__Lheap                           heap         000000
__Libigdata                       ibigdata     000000
__Lidata                          idata        000000
__LidataBANK0                     idataBANK0   000000
__Lidloc                          idloc        000000
__Lifardata                       ifardata     000000
__Linit                           init         000000
__Lintcode                        intcode      000000
__Lintcode_body                   intcode_body 000000
__Lintcodelo                      intcodelo    000000
__Lintentry                       intentry     000000
__Lintret                         intret       000000
__Lintsave_regs                   intsave_regs 000000
__Lirdata                         irdata       000000
__Lmediumconst                    mediumconst  000000
__LnvFARRAM                       nvFARRAM     000000
__Lnvbit                          nvbit        000000
__Lnvrram                         nvrram       000000
__Lparam                          rparam       000000
__Lpowerup                        powerup      000000
__Lram                            ram          000000
__Lramtop                         ramtop       000600
__Lrbit                           rbit         000000
__Lrbss                           rbss         000000
__Lrdata                          rdata        000000
__Lreset_vec                      reset_vec    000000
__Lrparam                         rparam       000000
__Lsfr                            sfr          000000
__Lsivt_hi                        sivt_hi      000000
__Lsivt_lo                        sivt_lo      000000
__Lsmallconst                     smallconst   000600
__Lspace_0                        (abs)        000000
__Lspace_1                        (abs)        000000
__Lspace_2                        (abs)        000000
__Lspace_4                        (abs)        000000
__Lstack                          stack        000000
__Lstruct                         struct       000000
__Ltemp                           temp         000000
__Ltext                           text         000000
__Ltext0                          text0        000000
__Ltext1                          text1        000000
__Ltext10                         text10       000000
__Ltext11                         text11       000000
__Ltext12                         text12       000000
__Ltext13                         text13       000000
__Ltext14                         text14       000000
__Ltext15                         text15       000000
__Ltext16                         text16       000000
__Ltext17                         text17       000000
__Ltext18                         text18       000000
__Ltext19                         text19       000000
__Ltext2                          text2        000000
__Ltext20                         text20       000000
__Ltext21                         text21       000000
__Ltext22                         text22       000000
__Ltext23                         text23       000000
__Ltext24                         text24       000000
__Ltext25                         text25       000000
__Ltext26                         text26       000000
__Ltext27                         text27       000000
__Ltext28                         text28       000000
__Ltext29                         text29       000000
__Ltext3                          text3        000000
__Ltext30                         text30       000000
__Ltext31                         text31       000000
__Ltext32                         text32       000000
__Ltext33                         text33       000000
__Ltext34                         text34       000000
__Ltext35                         text35       000000
__Ltext36                         text36       000000
__Ltext37                         text37       000000
__Ltext38                         text38       000000
__Ltext39                         text39       000000
__Ltext4                          text4        000000
__Ltext5                          text5        000000
__Ltext6                          text6        000000
__Ltext7                          text7        000000
__Ltext8                          text8        000000
__Ltext9                          text9        000000
__S0                              (abs)        00227A
__S1                              (abs)        0000F1
__S4                              (abs)        000000
__S5                              (abs)        000000
___awdiv                          text36       001A8A
___awdiv@counter                  cstackCOMRAM 000005
___awdiv@dividend                 cstackCOMRAM 000001
___awdiv@divisor                  cstackCOMRAM 000003
___awdiv@quotient                 cstackCOMRAM 000007
___awdiv@sign                     cstackCOMRAM 000006
___awmod                          text35       001B4C
___awmod@counter                  cstackCOMRAM 000005
___awmod@dividend                 cstackCOMRAM 000001
___awmod@divisor                  cstackCOMRAM 000003
___awmod@sign                     cstackCOMRAM 000006
___fldiv                          text34       000B10
___fldiv@a                        cstackCOMRAM 000013
___fldiv@aexp                     cstackCOMRAM 000027
___fldiv@b                        cstackCOMRAM 00000F
___fldiv@bexp                     cstackCOMRAM 000026
___fldiv@grs                      cstackCOMRAM 000022
___fldiv@new_exp                  cstackCOMRAM 000020
___fldiv@rem                      cstackCOMRAM 00001B
___fldiv@sign                     cstackCOMRAM 00001F
___fltol                          text33       001984
___fltol@exp1                     cstackCOMRAM 000031
___fltol@f1                       cstackCOMRAM 000028
___fltol@sign1                    cstackCOMRAM 000030
___heap_hi                        (abs)        000000
___heap_lo                        (abs)        000000
___inthi_sp                       stack        000000
___inthi_stack_hi                 stack        000000
___inthi_stack_lo                 stack        000000
___intlo_sp                       stack        000000
___intlo_stack_hi                 stack        000000
___intlo_stack_lo                 stack        000000
___param_bank                     (abs)        000000
___rparam_used                    (abs)        000001
___sp                             stack        000000
___stack_hi                       stack        000000
___stack_lo                       stack        000000
___xxtofl                         text32       00157A
___xxtofl@arg                     cstackCOMRAM 00000B
___xxtofl@exp                     cstackCOMRAM 00000A
___xxtofl@sign                    cstackCOMRAM 000009
___xxtofl@val                     cstackCOMRAM 000001
__accesstop                       (abs)        000060
__activetblptr                    (abs)        000002
__end_of___awdiv                  text36       001B4C
__end_of___awmod                  text35       001BFA
__end_of___fldiv                  text34       000EA0
__end_of___fltol                  text33       001A8A
__end_of___xxtofl                 text32       00172E
__end_of__initialization          cinit        0020C0
__end_of_clcd_print               text38       001E9A
__end_of_clcd_putch               text31       0021EE
__end_of_clcd_write               text39       002104
__end_of_clear_log                text37       001FC2
__end_of_dashboard                text17       001174
__end_of_download_log             text14       00187C
__end_of_get_time                 text21       001D32
__end_of_i2c_idle                 text29       00222C
__end_of_i2c_no_ack               text30       00227A
__end_of_i2c_read                 text27       002254
__end_of_i2c_rep_start            text26       00226C
__end_of_i2c_rx_mode              text28       002274
__end_of_i2c_start                text25       002264
__end_of_i2c_stop                 text24       00225C
__end_of_i2c_write                text23       002248
__end_of_init_adc                 text13       0021BC
__end_of_init_clcd                text12       001CA0
__end_of_init_config              text6        0021D6
__end_of_init_ds1307              text10       00200A
__end_of_init_i2c                 text9        002204
__end_of_init_mkp                 text8        00223C
__end_of_init_uart                text7        00212E
__end_of_main                     text0        001E2E
__end_of_menu                     text5        001398
__end_of_putch                    text16       00221A
__end_of_puts                     text15       001F64
__end_of_read_adc                 text20       002050
__end_of_read_ds1307              text22       002182
__end_of_read_ext_eeprom          text19       002158
__end_of_read_matrix_keypad       text3        001DB2
__end_of_scan_key                 text4        001984
__end_of_set_time                 text2        000B10
__end_of_view                     text1        00157A
__end_of_write_ds1307             text11       0021A0
__end_of_write_ext_eeprom         text18       002090
__initialization                  cinit        002090
__mediumconst                     mediumconst  000000
__pbssBANK0                       bssBANK0     0000CB
__pbssCOMRAM                      bssCOMRAM    00005E
__pcinit                          cinit        002090
__pcstackCOMRAM                   cstackCOMRAM 000001
__pdataBANK0                      dataBANK0    000060
__pidataBANK0                     idataBANK0   001E9A
__psmallconst                     smallconst   000600
__ptext0                          text0        001DB2
__ptext1                          text1        001398
__ptext10                         text10       001FC2
__ptext11                         text11       002182
__ptext12                         text12       001BFA
__ptext13                         text13       0021A0
__ptext14                         text14       00172E
__ptext15                         text15       001F06
__ptext16                         text16       002204
__ptext17                         text17       000EA0
__ptext18                         text18       002050
__ptext19                         text19       00212E
__ptext2                          text2        00069A
__ptext20                         text20       00200A
__ptext21                         text21       001CA0
__ptext22                         text22       002158
__ptext23                         text23       00223C
__ptext24                         text24       002254
__ptext25                         text25       00225C
__ptext26                         text26       002264
__ptext27                         text27       002248
__ptext28                         text28       00226C
__ptext29                         text29       00221A
__ptext3                          text3        001D32
__ptext30                         text30       002274
__ptext31                         text31       0021D6
__ptext32                         text32       00157A
__ptext33                         text33       001984
__ptext34                         text34       000B10
__ptext35                         text35       001B4C
__ptext36                         text36       001A8A
__ptext37                         text37       001F64
__ptext38                         text38       001E2E
__ptext39                         text39       0020CA
__ptext4                          text4        00187C
__ptext5                          text5        001174
__ptext6                          text6        0021BC
__ptext7                          text7        002104
__ptext8                          text8        00222C
__ptext9                          text9        0021EE
__ramtop                          ramtop       000600
__smallconst                      smallconst   000600
_address                          bssBANK0     0000E0
_clcd_print                       text38       001E2E
_clcd_putch                       text31       0021D6
_clcd_write                       text39       0020CA
_clear_log                        text37       001F64
_clock_reg                        bssBANK0     0000CB
_count                            bssBANK0     0000DC
_dashboard                        text17       000EA0
_data                             bssBANK0     0000E2
_download_log                     text14       00172E
_gear                             bssBANK0     0000E1
_get_time                         text21       001CA0
_hour                             bssBANK0     0000D8
_i                                bssBANK0     0000DF
_i2c_idle                         text29       00221A
_i2c_no_ack                       text30       002274
_i2c_read                         text27       002248
_i2c_rep_start                    text26       002264
_i2c_rx_mode                      text28       00226C
_i2c_start                        text25       00225C
_i2c_stop                         text24       002254
_i2c_write                        text23       00223C
_init_adc                         text13       0021A0
_init_clcd                        text12       001BFA
_init_config                      text6        0021BC
_init_ds1307                      text10       001FC2
_init_i2c                         text9        0021EE
_init_mkp                         text8        00222C
_init_uart                        text7        002104
_j                                bssCOMRAM    00005E
_key                              bssCOMRAM    00005F
_main                             text0        001DB2
_menu                             text5        001174
_min                              bssBANK0     0000DA
_putch                            text16       002204
_puts                             text15       001F06
_read_adc                         text20       00200A
_read_ds1307                      text22       002158
_read_ext_eeprom                  text19       00212E
_read_matrix_keypad               text3        001D32
_s_f                              bssBANK0     0000DE
_scan_key                         text4        00187C
_sec                              bssBANK0     0000D6
_set_time                         text2        00069A
_state                            dataBANK0    0000C1
_time                             dataBANK0    0000C2
_view                             text1        001398
_write_ds1307                     text11       002182
_write_ext_eeprom                 text18       002050
clcd_print@addr                   cstackCOMRAM 000005
clcd_print@data                   cstackCOMRAM 000003
clcd_putch@addr                   cstackCOMRAM 000009
clcd_putch@data                   cstackCOMRAM 00000A
clcd_write@byte                   cstackCOMRAM 000002
clcd_write@control_bit            cstackCOMRAM 000001
dashboard@F10551                  dataBANK0    0000A4
dashboard@adc_reg_val             cstackCOMRAM 000058
dashboard@data                    cstackCOMRAM 00004E
dashboard@ev                      cstackCOMRAM 000033
dashboard@flag                    cstackCOMRAM 00005A
dashboard@i                       cstackCOMRAM 00005D
dashboard@i_182                   cstackCOMRAM 00005B
dashboard@speed                   cstackCOMRAM 00005C
download_log@data                 cstackCOMRAM 000009
download_log@i                    cstackCOMRAM 000019
download_log@ind                  cstackCOMRAM 000018
download_log@j                    cstackCOMRAM 00001A
end_of_initialization             cinit        0020C0
i2c_write@data                    cstackCOMRAM 000001
init_ds1307@dummy                 cstackCOMRAM 00000B
intlevel0                         text         000000
intlevel1                         text         000000
intlevel2                         text         000000
intlevel3                         text         000000
isa$std                           (abs)        000001
isa$xinst                         (abs)        000000
menu@F10549                       dataBANK0    000060
menu@menu                         cstackCOMRAM 000008
putch@byte                        cstackCOMRAM 000001
puts@s                            cstackCOMRAM 000002
read_adc@channel                  cstackCOMRAM 000007
read_adc@reg_val                  cstackCOMRAM 000005
read_ds1307@address               cstackCOMRAM 000002
read_ds1307@data                  cstackCOMRAM 000003
read_ext_eeprom@address           cstackCOMRAM 000002
read_ext_eeprom@data              cstackCOMRAM 000003
read_matrix_keypad@detection_type cstackCOMRAM 000001
read_matrix_keypad@key            cstackCOMRAM 000002
read_matrix_keypad@once           dataBANK0    0000BF
set_time@delay                    bssBANK0     0000D2
set_time@f_flag                   bssBANK0     0000D4
set_time@i                        bssBANK0     0000D0
set_time@j                        bssBANK0     0000CE
stackhi                           (abs)        000000
stacklo                           (abs)        000000
start                             init         000000
start_initialization              cinit        002090
view@flag                         cstackCOMRAM 000011
view@ind                          cstackCOMRAM 000010
view@j                            cstackCOMRAM 000012
write_ds1307@address              cstackCOMRAM 00000A
write_ds1307@data                 cstackCOMRAM 000009
write_ext_eeprom@address          cstackCOMRAM 000007
write_ext_eeprom@data             cstackCOMRAM 000004
write_ext_eeprom@i                cstackCOMRAM 000005


MODULE INFORMATION

Module		Function		Class		Link	Load	Size
uart.c
		_putch         		CODE           	2204	0000	22
		_init_uart     		CODE           	2104	0000	42
		_puts          		CODE           	1F06	0000	94

uart.c estimated size: 158

log.c
		_view          		CODE           	1398	0000	482
		_get_time      		CODE           	1CA0	0000	146
		_download_log  		CODE           	172E	0000	334
		_set_time      		CODE           	069A	0000	1142
		_clear_log     		CODE           	1F64	0000	94

log.c estimated size: 2198

C:\Program Files\Microchip\xc8\v2.50\pic\sources\c99\common\sprcdiv.c
		___fldiv       		CODE           	0B10	0000	912

C:\Program Files\Microchip\xc8\v2.50\pic\sources\c99\common\sprcdiv.c estimated size: 912

i2c.c
		_i2c_start     		CODE           	225C	0000	8
		_i2c_no_ack    		CODE           	2274	0000	6
		_i2c_rep_start 		CODE           	2264	0000	8
		_i2c_idle      		CODE           	221A	0000	18
		_i2c_write     		CODE           	223C	0000	12
		_i2c_stop      		CODE           	2254	0000	8
		_i2c_read      		CODE           	2248	0000	12
		_init_i2c      		CODE           	21EE	0000	22
		_i2c_rx_mode   		CODE           	226C	0000	8

i2c.c estimated size: 102

C:\Program Files\Microchip\xc8\v2.50\pic\sources\c99\common\awmod.c
		___awmod       		CODE           	1B4C	0000	174

C:\Program Files\Microchip\xc8\v2.50\pic\sources\c99\common\awmod.c estimated size: 174

dashboard.c
		_dashboard     		CODE           	0EA0	0000	724

dashboard.c estimated size: 724

ds1307.c
		_read_ds1307   		CODE           	2158	0000	42
		_write_ds1307  		CODE           	2182	0000	30
		_init_ds1307   		CODE           	1FC2	0000	72

ds1307.c estimated size: 144

adc.c
		_init_adc      		CODE           	21A0	0000	28
		_read_adc      		CODE           	200A	0000	70

adc.c estimated size: 98

C:\Program Files\Microchip\xc8\v2.50\pic\sources\c99\common\xxtofl.c
		___xxtofl      		CODE           	157A	0000	436

C:\Program Files\Microchip\xc8\v2.50\pic\sources\c99\common\xxtofl.c estimated size: 436

mkp.c
		_read_matrix_keypad		CODE           	1D32	0000	128
		_init_mkp      		CODE           	222C	0000	16
		_scan_key      		CODE           	187C	0000	264

mkp.c estimated size: 408

shared
		__initialization		CODE           	2090	0000	48

shared estimated size: 48

clcd.c
		_clcd_write    		CODE           	20CA	0000	58
		_clcd_print    		CODE           	1E2E	0000	108
		_clcd_putch    		CODE           	21D6	0000	24
		_init_clcd     		CODE           	1BFA	0000	166

clcd.c estimated size: 356

C:\Program Files\Microchip\xc8\v2.50\pic\sources\c99\common\awdiv.c
		___awdiv       		CODE           	1A8A	0000	194

C:\Program Files\Microchip\xc8\v2.50\pic\sources\c99\common\awdiv.c estimated size: 194

C:\Program Files\Microchip\xc8\v2.50\pic\sources\c99\common\fltol.c
		___fltol       		CODE           	1984	0000	262

C:\Program Files\Microchip\xc8\v2.50\pic\sources\c99\common\fltol.c estimated size: 262

menu.c
		_menu          		CODE           	1174	0000	548

menu.c estimated size: 548

ext_eeprom.c
		_write_ext_eeprom		CODE           	2050	0000	64
		_read_ext_eeprom		CODE           	212E	0000	42

ext_eeprom.c estimated size: 106

main.c
		_main          		CODE           	1DB2	0000	124
		_init_config   		CODE           	21BC	0000	26

main.c estimated size: 150

